density {
 "old_pts": 25640431,
 "new_pts": 25640666,
 "shared_bbox_local": [
  1299.114013671875,
  1598.3978271484375,
  409.9800109863281,
  721.5599365234375
 ],
 "shared_bbox_area_m2": 93250.82831748948,
 "old_per_m2": 274.9619650852051,
 "new_per_m2": 274.9644851700584,
 "ratio_new_over_old": 1.0000091652125505
}
footprint points: old 3,907,683, new 3,907,662
nn {
 "n_sampled": 400000,
 "n_matched": 399980,
 "match_radius_m": 0.05,
 "dz_new_minus_old": {
  "n": 399980,
  "mean": -66.00482808762631,
  "median": -66.0,
  "std": 0.020136892819091493,
  "p5": -66.010009765625,
  "p95": -66.0,
  "min": -70.88999938964844,
  "max": -63.25999450683594
 },
 "plane_fit": {
  "slope_x_m_per_km": 0.012817313787247054,
  "slope_y_m_per_km": -0.025065226809213394,
  "intercept_at_centroid_m": -66.00482808762632,
  "std_after_plane_m": 0.020095846137932274
 },
 "nn_2d_distance_m": {
  "n": 399980,
  "mean": 0.004868961549476719,
  "median": 0.004720271313717116,
  "std": 0.0023048489297338996,
  "p5": 0.0013441598843716577,
  "p95": 0.008951383637718658,
  "min": 0.0,
  "max": 0.048058664999797954
 }
}
shift {
 "grid_0.5m": {
  "dx_m": 9.123130658271202e-06,
  "dy_m": -1.316190741428032e-05,
  "peak_cell": [
   0,
   0
  ],
  "brute_force_best_shift_m": [
   0.0,
   0.0
  ],
  "brute_force_std_at_best_m": 0.006288109451538668,
  "brute_force_std_at_zero_m": 0.0063
 },
 "grid_0.25m": {
  "dx_m": -1.842444385838707e-05,
  "dy_m": -3.0737923089797485e-05,
  "peak_cell": [
   0,
   0
  ],
  "brute_force_best_shift_m": [
   0.0,
   0.0
  ],
  "brute_force_std_at_best_m": 0.007025265523871661,
  "brute_force_std_at_zero_m": 0.007
 }
}
dem_diff {
 "grid_0.5m": {
  "n_cells": 57150,
  "new_minus_old": {
   "n": 57150,
   "mean": -66.00484217766389,
   "median": -66.0,
   "std": 0.006288109451538668,
   "p5": -66.010009765625,
   "p95": -66.0,
   "min": -66.36000061035156,
   "max": -65.86000061035156
  },
  "frac_abs_gt_0p10": 8.748906386701662e-05,
  "frac_abs_gt_0p30": 1.7497812773403324e-05
 },
 "grid_0.25m": {
  "n_cells": 227340,
  "new_minus_old": {
   "n": 227340,
   "mean": -66.00485370012117,
   "median": -66.0,
   "std": 0.007025265523871661,
   "p5": -66.010009765625,
   "p95": -66.0,
   "min": -66.69999694824219,
   "max": -65.3699951171875
  },
  "frac_abs_gt_0p10": 9.237265769332278e-05,
  "frac_abs_gt_0p30": 3.079088589777426e-05
 }
}
tif {
 "geotiff": {
  "crs": "EPSG:8088",
  "res": [
   0.06159509999999815,
   0.06159509999999971
  ],
  "nodata": -9999.0,
  "dtype": "float32"
 },
 "n_cells": 57158,
 "percell_max_minus_geotiff": {
  "n": 57158,
  "mean": 0.06231824907647032,
  "median": 0.05072021484375,
  "std": 0.07162835126162714,
  "p5": 0.01806640625,
  "p95": 0.136688232421875,
  "min": -3.4402923583984375,
  "max": 2.9219207763671875
 },
 "by_local_slope": {
  "slope_q0_q25": {
   "n": 14290,
   "median_bias": 0.03679656982421875
  },
  "slope_q25_q50": {
   "n": 14289,
   "median_bias": 0.04302978515625
  },
  "slope_q50_q75": {
   "n": 14289,
   "median_bias": 0.0534515380859375
  },
  "slope_q75_max": {
   "n": 14290,
   "median_bias": 0.08367156982421875
  }
 },
 "at_v6_stations": {
  "n": 144,
  "mean": 0.07059478759765625,
  "median": 0.0590057373046875,
  "std": 0.04928189272275983,
  "p5": 0.0216644287109375,
  "p95": 0.18254928588867167,
  "min": 0.0081634521484375,
  "max": 0.3137969970703125
 },
 "note": "positive = our 0.5 m per-cell maximum sits above Metashape's interpolated 6 cm DEM at the same cell"
}
wrote analysis_out_v9/datum_transfer.json
