point           ELEV_B     DEM     TIF |  tape  rimFLF rimDLIO  rimSLF  flank | tapeF   lidF photoF
Entrance_cave   167.79  168.19  167.81 |  1.70    1.89    2.05    1.56   2.02 |  4.10   6.14   3.05
S1S             170.29  170.37  170.30 |  1.90    1.76    1.71    1.65   1.48 |   nan   8.80    nan
S1N             170.55  170.60  170.58 |  2.20    1.67    1.71    1.76   1.27 |  7.30   8.42   1.65
S2S             170.59  170.63  170.56 |  2.00    1.42    1.59    1.42   0.12 |   nan   9.27    nan
S2N             170.55  170.67  170.61 |  0.90    0.93    0.99    1.01   0.58 |  9.80  10.13    nan
S3N             172.15  172.27  172.14 |  2.20    2.10    2.19    2.23   2.10 |  7.80   8.21    nan
S3S             171.93  171.91  171.93 |  1.35    1.62    1.72    1.75   1.05 |   nan   7.66   2.57
{
 "S1": {
  "rim_to_rim_tape_points_m": 6.783034702290679,
  "aerial_ellipse_2a_m": 4.558259582665613,
  "aerial_ellipse_2b_m": 3.2170704537373505,
  "interior_ellipse_2a_m": 5.125147770458387,
  "aperture_station_run_m": 8.0,
  "centroid_to_midpoint_m": 0.8003172705299585
 },
 "S2": {
  "rim_to_rim_tape_points_m": 5.346363864828972,
  "aerial_ellipse_2a_m": 2.8284271247461903,
  "aerial_ellipse_2b_m": 1.632993161855452,
  "interior_ellipse_2a_m": 4.898979485566356,
  "aperture_station_run_m": 3.0,
  "centroid_to_midpoint_m": 0.3799172311247625
 },
 "S3": {
  "rim_to_rim_tape_points_m": 11.60388183187005,
  "aerial_ellipse_2a_m": 9.336616828011282,
  "aerial_ellipse_2b_m": 4.148950843701125,
  "interior_ellipse_2a_m": 15.275013419253277,
  "aperture_station_run_m": 11.0,
  "centroid_to_midpoint_m": 0.78364133446472
 }
}
{
 "n_points": 7,
 "elev_cache_minus_birgir_m": {
  "mean": 0.11285923549106817,
  "std": 0.12566518052871745,
  "max_abs": 0.40000244140625796
 },
 "elev_geotiff_minus_birgir_m": {
  "mean": 0.01154305594307711,
  "std": 0.028662375924320617,
  "max_abs": 0.06357116699217613
 },
 "geotiff_res_m": 0.06159509999999815,
 "tau_rim_flf_minus_tape_upper_m": {
  "n": 7,
  "mean": -0.1226317705426945,
  "median": -0.09654846191405131,
  "rms": 0.32894534865089053,
  "max_abs": 0.5814135742187432,
  "within_sigma_tau": 7
 },
 "tau_rim_tube_minus_tape_upper_m": {
  "n": 7,
  "mean": -0.041378457205638645,
  "median": -0.010978393554677446,
  "rms": 0.3194862674447698,
  "max_abs": 0.48761871337891893,
  "within_sigma_tau": 7
 },
 "tau_rim_slf_minus_tape_upper_m": {
  "n": 7,
  "mean": -0.12471910749163083,
  "median": -0.1396194458007869,
  "rms": 0.33542123242253885,
  "max_abs": 0.577817993164075,
  "within_sigma_tau": 7
 },
 "tau_flank_mean_minus_tape_upper_m": {
  "n": 7,
  "mean": -0.5188095238095239,
  "median": -0.32100000000000006,
  "rms": 0.8349766939053326,
  "max_abs": 1.8823333333333334,
  "within_sigma_tau": 6
 },
 "floor_depth_flf_minus_tape_floor_m": {
  "n": 4,
  "points": [
   "Entrance_cave",
   "S1N",
   "S2N",
   "S3N"
  ],
  "values": [
   2.0424560546875004,
   1.1219113159179814,
   0.3279244995117203,
   0.4079077148437422
  ],
  "mean": 0.9750498962402361,
  "rms": 1.19417700921215
 },
 "floor_depth_tube_minus_tape_floor_m": {
  "n": 4,
  "points": [
   "Entrance_cave",
   "S1N",
   "S2N",
   "S3N"
  ],
  "values": [
   1.5507110595703129,
   0.996670532226557,
   0.36950683593751066,
   0.4235729980468763
  ],
  "mean": 0.8351153564453142,
  "rms": 0.9635878691849307
 },
 "floor_depth_slf_minus_tape_floor_m": {
  "n": 4,
  "points": [
   "Entrance_cave",
   "S1N",
   "S2N",
   "S3N"
  ],
  "values": [
   1.448681640625006,
   0.9271466064453024,
   0.2883306884765595,
   0.5306433105468615
  ],
  "mean": 0.7987005615234324,
  "rms": 0.9114543645559688
 },
 "floor_depth_photo_minus_tape_floor_m": {
  "n": 2,
  "points": [
   "Entrance_cave",
   "S1N"
  ],
  "values": [
   -1.0499969482421871,
   -5.650991058349621
  ],
  "mean": -3.350494003295904,
  "rms": 4.064246149833033
 },
 "sigma_tau_m": 1.5,
 "tape_upper_range_m": [
  0.9,
  2.2
 ],
 "note": "tape_upper is the uppermost roof terrace at the rim; tape_lower the thicker terrace behind it, read by eye (B.V.O. notes). tau_rim_* is z_DEM(rim) minus the p99 of interior returns in a strip 0.5-3.5 m outward from the rim point. tau_flank is the pipeline overburden at the nearest three intact stations. floor_depth_* is z_DEM(rim) minus the p2 of interior returns (April 2025) or the p5 of photogrammetric returns (August 2025) within 3 m of the rim point; the photogrammetric value is not a floor at the rims (too few returns, rim walls) and is reported for completeness only."
}
