=== arc-length-fix rerun Fri Aug 14 11:02:56 AM CEST 2026 ===
[1/4] loading clouds ...
  sections cloud: 2813845 pts
[2/4] L1-medial skeleton ...
  skeleton: |Q|=60000, |X|=4071
  h=8.0: 40 iters, last max move 1.6510 m
  h=12.0: 40 iters, last max move 0.6270 m
  h=16.0: 40 iters, last max move 1.3249 m
  polyline: 602 nodes, diameter path 417 nodes, length 348.9 m
  centreline flipped: s=0 at the entrance/skylight end
  centreline: 302 stations, 301.0 m
[3/4] cross-sections ...
{
  "total_centreline_m": 301.0,
  "n_stations": 302,
  "n_valid_sections": 296,
  "min_coverage": 0.5,
  "area_m2": {
    "min": 5.1,
    "max": 81.4,
    "median": 48.0,
    "q25": 36.0,
    "q75": 59.2,
    "p5": 13.4,
    "p95": 75.8,
    "mean_boot_ci95": [
      45.2,
      49.2
    ]
  },
  "height_m": {
    "min": 3.53,
    "median": 8.09,
    "max": 11.41
  },
  "eta": {
    "median": 1.53,
    "q25": 1.31,
    "q75": 1.84
  },
  "width_m": {
    "min": 6.07,
    "median": 10.53,
    "max": 31.6
  },
  "width_min_m": 6.07,
  "sinuosity_50m": {
    "mean": 1.032,
    "max": 1.079
  }
}
[4/4] renders ...
done
DEM loaded from cache
{
  "n_stations": 302,
  "n_intact": 276,
  "n_skylight": 22,
  "n_no_dem": 0,
  "n_low_coverage": 0,
  "n_multipass": 0,
  "n_inconsistent": 4,
  "tau_m": {
    "min": 0.04,
    "max": 14.15,
    "median": 6.03,
    "q25": 3.24,
    "q75": 9.01,
    "median_ci95": [
      5.74,
      6.4
    ],
    "sigma": 1.49
  },
  "kappa_env": 0.0034,
  "kappa_env_station": {
    "s": 51.0,
    "tau": 0.04,
    "span": 12.21
  },
  "shielding_g_cm2": {
    "median": 1567.0,
    "min": 11.0,
    "atmosphere_ratio_median": 1.52
  },
  "rho_basalt": 2600.0
}
done
S3 floor-through-skylight residual (aerial minus tube floor):
{
  "n": 352,
  "median_m": 0.8868675231933594,
  "rms_m": 1.3561264565921034,
  "p10_m": -1.1876602172851562,
  "p90_m": 1.342333221435547,
  "annulus_outside_cone": {
    "n": 321,
    "median_m": 0.9071502685546875,
    "rms_m": 1.3602545239430572,
    "p10_m": -0.06867218017578125,
    "p90_m": 1.3718719482421875
  }
}
two-SLAM ceiling agreement: worst zone |mean| 0.23 m, worst std 0.48 m
sigma_reg_z = 1.46 m (anchor 1.36 + drift 0.53 in quadrature)
updated budget: sigma_tau = 1.49 m
DEM loaded from cache
{
  "n_stations": 302,
  "n_intact": 276,
  "n_skylight": 22,
  "n_no_dem": 0,
  "n_low_coverage": 0,
  "n_multipass": 0,
  "n_inconsistent": 4,
  "tau_m": {
    "min": 0.04,
    "max": 14.15,
    "median": 6.03,
    "q25": 3.24,
    "q75": 9.01,
    "median_ci95": [
      5.74,
      6.4
    ],
    "sigma": 1.49
  },
  "kappa_env": 0.0034,
  "kappa_env_station": {
    "s": 51.0,
    "tau": 0.04,
    "span": 12.21
  },
  "shielding_g_cm2": {
    "median": 1567.0,
    "min": 11.0,
    "atmosphere_ratio_median": 1.52
  },
  "rho_basalt": 2600.0
}
done
columns: ['body', 'feature_id', 'lat', 'lon_east_0_360', 'aperture_long_axis_m', 'aperture_short_axis_m', 'inner_long_axis_m', 'inner_short_axis_m', 'depth_m', 'depth_is_minimum', 'type', 'source', 'source_detail', 'notes']
{
  "kappa_env_earth": 0.0034,
  "span_scale": {
    "mars": 1.63,
    "moon": 2.46
  },
  "equivalent_kappa": {
    "note": "a roof at the terrestrial envelope tau/L supports a span larger by span_scale at the same tau and strength"
  },
  "mars": {
    "n_total": 1062,
    "n_dimensioned": 131,
    "aperture_median_m": 120.0,
    "counts": {
      "ge_5m": 131,
      "ge_10m": 131,
      "ge_20m": 131,
      "ge_50m": 120,
      "ge_narrowest": 131
    }
  },
  "moon": {
    "n_total": 278,
    "n_dimensioned": 266,
    "aperture_median_m": 29.0,
    "counts": {
      "ge_5m": 266,
      "ge_10m": 258,
      "ge_20m": 190,
      "ge_50m": 63,
      "ge_narrowest": 265
    }
  },
  "demonstrated_min_span_m": 6.07
}
target (DLIO) 231,993 pts, source (FAST-LIO) 291,013 pts
GICP stage max_dist=6.0: converged=True iters=7 inliers=290949
GICP stage max_dist=1.5: converged=True iters=2 inliers=284011
correction w.r.t. init: dt=[ 0.439 -0.305 -5.735] m, rot 1.038 deg
wrote /home/aakapatel/Nature Journal Article Autonomous lava tube mapping/lavatube_maps_data_analysis/analysis_out/transform_flf_ed_chain.json
transforming flf_30cm.pcd -> flf_30cm_ed.pcd
transforming flf_10cm.pcd -> flf_10cm_ed.pcd
ceiling offset (DLIO_ed minus FLF_ed) by zone:
  s   0- 80: mean  -0.23 m std 0.32 (n=80)
  s  80-160: mean  -0.14 m std 0.13 (n=80)
  s 160-240: mean  -0.17 m std 0.48 (n=80)
  s 240-340: mean  -0.10 m std 0.13 (n=99)
target 231,993 pts, source 250,217 pts
GICP max_dist=8.0: converged=True inliers=250188
GICP max_dist=2.0: converged=True inliers=250103
{
  "n_stations": 302,
  "s_range": [
    0.0,
    301.0
  ],
  "median": 0.0808979659532838,
  "rms": 0.3706576312425478,
  "p5": -0.20595284344515646,
  "p95": 0.7124815641329856,
  "note": "flight1 minus flight2 p99 ceiling in 2.5 m columns along the v6 centreline, both flights in the registered frame; coverage limited to the reach flight 2 mapped"
}
{
  "n_matched": 274,
  "median_horiz_offset_m": 0.47234202592690905,
  "dtau": {
    "median": -0.2320000000000002,
    "rms": 0.8547172580689335,
    "p5": -1.4165999999999999,
    "p95": 0.17339999999999942
  },
  "dceil": {
    "median": 0.2049999999999983,
    "rms": 0.865234924429519
  },
  "dtau_zones": {
    "s0-80": {
      "mean": -0.33822222222222215,
      "std": 0.48732256663386453,
      "n": 63
    },
    "s80-160": {
      "mean": -0.3420869565217391,
      "std": 0.8474835852222578,
      "n": 69
    },
    "s160-240": {
      "mean": -0.5546625000000001,
      "std": 0.8085444784263571,
      "n": 80
    },
    "s240-360": {
      "mean": -0.3961129032258064,
      "std": 0.7375637556879233,
      "n": 62
    }
  },
  "morphometry": {
    "centreline_m": [
      356.0,
      301.0
    ],
    "area_median": [
      48.9,
      48.0
    ],
    "width_median": [
      10.46,
      10.53
    ],
    "height_median": [
      8.05,
      8.09
    ]
  },
  "note": "A = onboard DLIO basis (analysis_out_ed); B = offline FAST-LIO2 chained basis (analysis_out_v6, primary). Both share the slice-based registration datum; differences measure estimator sensitivity of the full pipeline, not the datum."
}
[
 {
  "config": "control 0.5 m / 0 m",
  "grid_m": 0.5,
  "sigma_m": 0.0,
  "dome_m": 0.0,
  "n_seeds": 1,
  "median_shift_m": {
   "mean": -6.1035155418665e-07,
   "worst": 6.1035155418665e-07
  },
  "per_station_rms_m": {
   "mean": 0.000179775907506164,
   "worst": 0.000179775907506164
  },
  "frac_error_gt_1p5": {
   "mean": 0.0,
   "worst": 0.0
  },
  "frac_false_negative_roof": 0.0,
  "thick_thin_contrast_m": {
   "baseline": 9.9515,
   "mean": 9.951508850097639,
   "worst": 9.951508850097639
  }
 },
 {
  "config": "HiRISE-like 1 m / 0.3 m",
  "grid_m": 1.0,
  "sigma_m": 0.3,
  "dome_m": 0.0,
  "n_seeds": 20,
  "median_shift_m": {
   "mean": 0.08793569982430505,
   "worst": 0.428869652603348
  },
  "per_station_rms_m": {
   "mean": 0.28835282962114833,
   "worst": 0.41833498763930893
  },
  "frac_error_gt_1p5": {
   "mean": 0.0,
   "worst": 0.0
  },
  "frac_false_negative_roof": 0.021739130434782608,
  "thick_thin_contrast_m": {
   "baseline": 9.9515,
   "mean": 9.967617137768173,
   "worst": 9.23414753781762
  }
 },
 {
  "config": "HiRISE-like 2 m / 0.5 m",
  "grid_m": 2.0,
  "sigma_m": 0.5,
  "dome_m": 0.0,
  "n_seeds": 20,
  "median_shift_m": {
   "mean": 0.1359952061100241,
   "worst": 0.6900156683055574
  },
  "per_station_rms_m": {
   "mean": 0.4835213564584623,
   "worst": 0.6982024137041534
  },
  "frac_error_gt_1p5": {
   "mean": 0.0016304347826086956,
   "worst": 0.014492753623188406
  },
  "frac_false_negative_roof": 0.03260869565217391,
  "thick_thin_contrast_m": {
   "baseline": 9.9515,
   "mean": 10.024238935748459,
   "worst": 8.837527478610951
  }
 },
 {
  "config": "LROC-NAC-like 5 m / 1 m",
  "grid_m": 5.0,
  "sigma_m": 1.0,
  "dome_m": 0.0,
  "n_seeds": 20,
  "median_shift_m": {
   "mean": 0.28793946386074476,
   "worst": 1.5766574869786556
  },
  "per_station_rms_m": {
   "mean": 0.9692946060268215,
   "worst": 1.4032713962687833
  },
  "frac_error_gt_1p5": {
   "mean": 0.13949275362318841,
   "worst": 0.3333333333333333
  },
  "frac_false_negative_roof": 0.14855072463768115,
  "thick_thin_contrast_m": {
   "baseline": 9.9515,
   "mean": 10.021900692267653,
   "worst": 7.429384549105976
  }
 },
 {
  "config": "LROC-NAC-like 5 m / 2 m",
  "grid_m": 5.0,
  "sigma_m": 2.0,
  "dome_m": 0.0,
  "n_seeds": 20,
  "median_shift_m": {
   "mean": 0.48782961963021343,
   "worst": 2.758476033787014
  },
  "per_station_rms_m": {
   "mean": 1.9171774067767047,
   "worst": 2.793742390482693
  },
  "frac_error_gt_1p5": {
   "mean": 0.4588768115942029,
   "worst": 0.7898550724637681
  },
  "frac_false_negative_roof": 0.25,
  "thick_thin_contrast_m": {
   "baseline": 9.9515,
   "mean": 9.673864522032583,
   "worst": 4.841195381881391
  }
 },
 {
  "config": "CTX-like 20 m / 3 m",
  "grid_m": 20.0,
  "sigma_m": 3.0,
  "dome_m": 0.0,
  "n_seeds": 20,
  "median_shift_m": {
   "mean": 0.5897517193726092,
   "worst": 3.925005720394717
  },
  "per_station_rms_m": {
   "mean": 2.902730681137033,
   "worst": 4.200356247197425
  },
  "frac_error_gt_1p5": {
   "mean": 0.5996376811594204,
   "worst": 0.8840579710144928
  },
  "frac_false_negative_roof": 0.2826086956521739,
  "thick_thin_contrast_m": {
   "baseline": 9.9515,
   "mean": 9.184385877854353,
   "worst": 1.9618585673015474
  }
 },
 {
  "config": "doming 1 m (0.5 m grid)",
  "grid_m": 0.5,
  "sigma_m": 0.0,
  "dome_m": 1.0,
  "n_seeds": 1,
  "median_shift_m": {
   "mean": -0.48063907060097755,
   "worst": 0.48063907060097755
  },
  "per_station_rms_m": {
   "mean": 0.4015932134578402,
   "worst": 0.4015932134578402
  },
  "frac_error_gt_1p5": {
   "mean": 0.0,
   "worst": 0.0
  },
  "frac_false_negative_roof": 0.021739130434782608,
  "thick_thin_contrast_m": {
   "baseline": 9.9515,
   "mean": 10.22671170755767,
   "worst": 10.22671170755767
  }
 },
 {
  "config": "doming 2 m (0.5 m grid)",
  "grid_m": 0.5,
  "sigma_m": 0.0,
  "dome_m": 2.0,
  "n_seeds": 1,
  "median_shift_m": {
   "mean": -0.8819208731948347,
   "worst": 0.8819208731948347
  },
  "per_station_rms_m": {
   "mean": 0.8031841911823651,
   "worst": 0.8031841911823651
  },
  "frac_error_gt_1p5": {
   "mean": 0.0,
   "worst": 0.0
  },
  "frac_false_negative_roof": 0.03260869565217391,
  "thick_thin_contrast_m": {
   "baseline": 9.9515,
   "mean": 10.452920363357535,
   "worst": 10.452920363357535
  }
 },
 {
  "config": "LROC-NAC-like 5 m / 1 m + doming 2 m",
  "grid_m": 5.0,
  "sigma_m": 1.0,
  "dome_m": 2.0,
  "n_seeds": 20,
  "median_shift_m": {
   "mean": -0.6149926233454981,
   "worst": 1.417702211086171
  },
  "per_station_rms_m": {
   "mean": 1.2139459575811873,
   "worst": 1.9377244189988958
  },
  "frac_error_gt_1p5": {
   "mean": 0.2375,
   "worst": 0.6014492753623188
  },
  "frac_false_negative_roof": 0.2028985507246377,
  "thick_thin_contrast_m": {
   "baseline": 9.9515,
   "mean": 10.46246620333579,
   "worst": 7.899867250171951
  }
 }
]
anchors: {"1.0": {"S1": false, "S2": true, "S3": true}, "2.0": {"S1": false, "S2": false, "S3": true}, "5.0": {"S1": false, "S2": false, "S3": false}, "20.0": {"S1": false, "S2": false, "S3": false}}
{
  "note": "Independent surface check (review items E47/R2.9/R3.12): photogrammetric DEM vs national products over the survey footprint. Datum offset absorbs geoid/ellipsoid and reference differences; std and doming measure shape error, upper-bounded by snow/temporal change. CRS hypothesis for the local frame: EPSG:32627 with origin [479158.0, 7089826.0].",
  "arcticdem": {
    "product": "ArcticDEM v4.1 2 m (ellipsoidal)",
    "n": 30559,
    "best_shift_m": [
      2.0,
      -2.0
    ],
    "datum_offset_m": 0.6100006103515625,
    "std_raw_m": 0.29258773151551676,
    "tilt_m_per_km": 0.4214086587717027,
    "std_after_plane_m": 0.2895446329465095,
    "doming_amplitude_m": 0.12804736003501907,
    "std_after_quadratic_m": 0.28769400460104827
  },
  "islandsdem": {
    "product": "IslandsDEM v1.0 10 m (orthometric)",
    "n": 30559,
    "best_shift_m": [
      0.0,
      0.0
    ],
    "datum_offset_m": 66.63253784179688,
    "std_raw_m": 0.36350261295258723,
    "tilt_m_per_km": 0.5487352532500188,
    "std_after_plane_m": 0.3584985379354869,
    "doming_amplitude_m": 0.13318506865087046,
    "std_after_quadratic_m": 0.3569381753032524
  }
}
{
  "terrain": {
    "variance": {
      "tau": 15.576335034485929,
      "z_dem": 10.977115658475103,
      "z_ceil": 2.8741734459147246
    },
    "dem_share": 0.704730325469491,
    "corr_tau_zdem": 0.9054436757855369,
    "const_ceiling_control": {
      "r": 0.9054436757855368,
      "r2": 0.8154773306946987,
      "rms_residual_m": 1.6953427141899735
    },
    "skylight_runs": [
      {
        "run_s": [
          29.0,
          36.0
        ],
        "d_zdem": -5.204760291818673,
        "d_zceil": 0.3956722251172664,
        "d_tau": -5.60040125065138
      },
      {
        "run_s": [
          54.0,
          56.0
        ],
        "d_zdem": -4.978557347670261,
        "d_zceil": 2.260360215053794,
        "d_tau": -7.238945340501794
      },
      {
        "run_s": [
          89.0,
          99.0
        ],
        "d_zdem": -3.610059808612533,
        "d_zceil": 2.224367523923405,
        "d_tau": -5.834465011961724
      }
    ],
    "ceiling_thinning": {
      "slope_m_per_m": -0.13450967100605574,
      "ci95": [
        -0.169879848859671,
        -0.10926285931154604
      ],
      "n": 108,
      "note": "z_ceil vs distance to nearest skylight, stations within 40 m"
    },
    "tau_hist_2m": {
      "counts": [
        47,
        30,
        59,
        44,
        34,
        22,
        38,
        2
      ],
      "edges": [
        0,
        2,
        4,
        6,
        8,
        10,
        12,
        14,
        16
      ]
    },
    "reach_median": {
      "0-50": 1.8355000000000001,
      "50-100": 1.544,
      "100-150": 4.686,
      "150-200": 6.475,
      "200-250": 7.991,
      "250-300": 12.942499999999999
    },
    "near_skylight_median": {
      "lt10": 1.3559999999999999,
      "10to20": 2.24,
      "20to30": 4.63
    },
    "zceil_range": 10.558999999999997,
    "zdem_range": 12.659999999999997,
    "net_centreline": {
      "start": 232.597,
      "end": 234.219
    }
  },
  "stats": {
    "corr_len_1e_m": 50,
    "corr_len_zero_m": 102,
    "n_eff": 3.3673174606338883,
    "median": 6.025499999999999,
    "ci_iid": [
      5.7305,
      6.4015
    ],
    "ci_block": {
      "20": [
        3.51,
        8.326
      ],
      "30": [
        3.14,
        8.6555
      ],
      "50": [
        2.439,
        8.9805
      ]
    },
    "sigma_tau_systematic_m": 1.49,
    "note": "sigma_tau is dominated by the common registration datum term and does not average down"
  },
  "shielding": {
    "2200": {
      "median_g_cm2": 1325.61,
      "frac_gt_100": 0.9818840579710145,
      "frac_gt_500": 0.8043478260869565,
      "frac_gt_1000": 0.6884057971014492
    },
    "2600": {
      "median_g_cm2": 1566.63,
      "frac_gt_100": 0.9855072463768116,
      "frac_gt_500": 0.8369565217391305,
      "frac_gt_1000": 0.7210144927536232
    },
    "3000": {
      "median_g_cm2": 1807.65,
      "frac_gt_100": 0.9855072463768116,
      "frac_gt_500": 0.8659420289855072,
      "frac_gt_1000": 0.7427536231884058
    }
  },
  "envelope": {
    "beta": 0.5,
    "rho_mid": 2600.0,
    "tau_threshold_m": 1.49,
    "sigma_req_MPa": {
      "median": 0.21396552056049317,
      "p90": 0.7709753896806971,
      "p95": 1.564736533929792,
      "max": 2.046197514422284,
      "drop_one": 1.953881379310345,
      "n": 248,
      "sensitivity_tau_gt_0p5": {
        "n": 270,
        "max": 3.7041471999999995,
        "drop_one": 3.057099754293893
      },
      "note": "required tensile strength per intact station under the clamped-strip model, covers thinner than sigma_tau excluded; quote the p95, not the max (single-station tail)"
    },
    "tau_over_L": {
      "min": 0.0034398034398034397,
      "second": 0.007980456026058633,
      "p5": 0.08811822191921215,
      "p25": 0.2973923997004063,
      "median": 0.5455172659005576
    },
    "kappa_sensitivity": {
      "single_min": 0.0034398034398034397,
      "drop_one": 0.007980456026058633,
      "p5": 0.08811822191921215,
      "median": 0.5455172659005576
    },
    "Lmax_sqrt_model": {
      "earth": {
        "1MPa": {
          "at_tau_6m": 22.049038962903623,
          "at_tau_14m": 33.132777038676906
        },
        "5MPa": {
          "at_tau_6m": 49.303149959593966,
          "at_tau_14m": 74.08714174182575
        },
        "10MPa": {
          "at_tau_6m": 69.7251833405723,
          "at_tau_14m": 104.77504064874782
        }
      },
      "mars": {
        "1MPa": {
          "at_tau_6m": 35.8539669476657,
          "at_tau_14m": 53.87724584403653
        },
        "5MPa": {
          "at_tau_6m": 80.17190735801114,
          "at_tau_14m": 120.47318414773372
        },
        "10MPa": {
          "at_tau_6m": 113.38019870701869,
          "at_tau_14m": 170.3748109239964
        }
      },
      "moon": {
        "1MPa": {
          "at_tau_6m": 54.25835982257736,
          "at_tau_14m": 81.53326507837141
        },
        "5MPa": {
          "at_tau_6m": 121.32538091092641,
          "at_tau_14m": 182.31392314274822
        },
        "10MPa": {
          "at_tau_6m": 171.57999914431394,
          "at_tau_14m": 257.8308227179206
        }
      }
    },
    "span_scale": {
      "mars": 1.6261011197806923,
      "moon": 2.4608038433722332
    }
  },
  "moon_pits": {
    "by_type": {
      "pit (mare)": {
        "n": 16,
        "n_outer": 15,
        "n_inner": 13,
        "outer_median": 175.0,
        "inner_median": 100.0,
        "inner_min": 14.0,
        "inner_max": 175.0,
        "depth_median": 40.0,
        "inner_ge_narrowest": 13
      },
      "pit (impact melt)": {
        "n": 257,
        "n_outer": 246,
        "n_inner": 248,
        "outer_median": 26.5,
        "inner_median": 15.5,
        "inner_min": 4.0,
        "inner_max": 385.0,
        "depth_median": 9.0,
        "inner_ge_narrowest": 224
      },
      "pit (highland)": {
        "n": 5,
        "n_outer": 5,
        "n_inner": 5,
        "outer_median": 63.0,
        "inner_median": 37.0,
        "inner_min": 19.0,
        "inner_max": 45.0,
        "depth_median": 27.0,
        "inner_ge_narrowest": 5
      }
    },
    "all_inner": {
      "n": 266,
      "median": 16.0,
      "frac_lt_narrowest": 0.09022556390977443,
      "frac_lt_10": 0.20676691729323307
    },
    "narrowest_section_m": 6.07
  },
  "mars_pits": {
    "n_total": 1062,
    "n_apc": 132,
    "n_sky_type": 354,
    "n_apc_dimensioned": 131,
    "apc_median": 120.0,
    "note": "'sky' candidates (n=354) carry no published dimensions; the dimensioned set is APCs only"
  },
  "scale_ruler": {
    "aerial": {
      "S1S2": 22.44303252543745,
      "S1S3": 57.0158232316613,
      "S2S3": 34.72537768761215
    },
    "dlio_map": {
      "S1S2": 22.262242449736465,
      "S1S3": 59.19512886471778,
      "S2S3": 37.149960414064104
    },
    "flf_map": {
      "S1S2": 22.566634742691296,
      "S1S3": 57.25951107980929,
      "S2S3": 34.96859623453815
    },
    "dlio_minus_aerial": {
      "S1S2": -0.18079007570098327,
      "S1S3": 2.1793056330564795,
      "S2S3": 2.424582726451952
    },
    "flf_minus_aerial": {
      "S1S2": 0.1236022172538469,
      "S1S3": 0.24368784814799227,
      "S2S3": 0.24321854692599487
    },
    "dlio_minus_flf": {
      "S1S2": -0.30439229295483017,
      "S1S3": 1.9356177849084872,
      "S2S3": 2.181364179525957
    },
    "hole_semi_major": {
      "aerial": [
        2.2791297913328066,
        1.4142135623730951,
        4.668308414005641
      ],
      "dlio": [
        2.5625738852291935,
        2.449489742783178,
        7.6375067096266385
      ],
      "flf": [
        2.1838568563966754,
        2.0976176963403033,
        5.167915807619661
      ]
    },
    "note": "inter-hole distances are rigid-transform invariant; agreement between the two independent SLAM maps against a common offset to the aerial model implicates the rim-centroid definition (S3 is a 9-15 m elongated opening seen from opposite sides), not map scale"
  },
  "volume": {
    "total_m3": 14066.5674,
    "per_m": 46.57803774834437,
    "n_sections": 302,
    "note": "enclosed cross-section area integrated at 1 m stations; floor bounded by top of breakdown, so a lower bound on the void volume"
  }
}
{
  "reg_mode": "slice_manual_ed",
  "reg_matches": 3,
  "reg_rim_rms_m": 1.7331442353132371,
  "reg_vres_mm": [
    -5240,
    -5864,
    -3582
  ],
  "reg_sigma_tau_m": 1.49,
  "reg_sigma_reg_z_m": 1.46,
  "vertical_q90_diffs_m": [
    -0.043,
    -1.369,
    0.471
  ],
  "scale_ruler_diff_m": [
    -0.181,
    2.179,
    2.425
  ],
  "centreline_length_m": 301.0,
  "n_stations": 302,
  "n_valid_sections": 296,
  "area": {
    "min": 5.1,
    "max": 81.4,
    "median": 48.0,
    "q25": 36.0,
    "q75": 59.2,
    "p5": 13.4,
    "p95": 75.8,
    "mean_boot_ci95": [
      45.2,
      49.2
    ]
  },
  "height": {
    "min": 3.53,
    "median": 8.09,
    "max": 11.41
  },
  "eta": {
    "median": 1.53,
    "q25": 1.31,
    "q75": 1.84
  },
  "width": {
    "min": 6.07,
    "median": 10.53,
    "max": 31.6
  },
  "sinuosity": {
    "mean": 1.032,
    "max": 1.079
  },
  "tau": {
    "min": 0.04,
    "max": 14.15,
    "median": 6.03,
    "q25": 3.24,
    "q75": 9.01,
    "median_ci95": [
      5.74,
      6.4
    ],
    "sigma": 1.49
  },
  "n_tau_clean": 276,
  "n_multipass": 0,
  "n_skylight_stations": 22,
  "n_no_dem": 0,
  "tau_s_range_m": [
    0.0,
    301.0
  ],
  "min_tau_over_L_retired": 0.0034,
  "min_tau_over_L_station": {
    "s": 51.0,
    "tau": 0.04,
    "span": 12.21
  },
  "shielding": {
    "median": 1567.0,
    "min": 11.0,
    "atmosphere_ratio_median": 1.52
  },
  "stats": {
    "corr_len_1e_m": 50,
    "corr_len_zero_m": 102,
    "n_eff": 3.3673174606338883,
    "median": 6.025499999999999,
    "ci_iid": [
      5.7305,
      6.4015
    ],
    "ci_block": {
      "20": [
        3.51,
        8.326
      ],
      "30": [
        3.14,
        8.6555
      ],
      "50": [
        2.439,
        8.9805
      ]
    },
    "sigma_tau_systematic_m": 1.49,
    "note": "sigma_tau is dominated by the common registration datum term and does not average down"
  },
  "terrain": {
    "variance": {
      "tau": 15.576335034485929,
      "z_dem": 10.977115658475103,
      "z_ceil": 2.8741734459147246
    },
    "dem_share": 0.704730325469491,
    "corr_tau_zdem": 0.9054436757855369,
    "const_ceiling_control": {
      "r": 0.9054436757855368,
      "r2": 0.8154773306946987,
      "rms_residual_m": 1.6953427141899735
    },
    "skylight_runs": [
      {
        "run_s": [
          29.0,
          36.0
        ],
        "d_zdem": -5.204760291818673,
        "d_zceil": 0.3956722251172664,
        "d_tau": -5.60040125065138
      },
      {
        "run_s": [
          54.0,
          56.0
        ],
        "d_zdem": -4.978557347670261,
        "d_zceil": 2.260360215053794,
        "d_tau": -7.238945340501794
      },
      {
        "run_s": [
          89.0,
          99.0
        ],
        "d_zdem": -3.610059808612533,
        "d_zceil": 2.224367523923405,
        "d_tau": -5.834465011961724
      }
    ],
    "ceiling_thinning": {
      "slope_m_per_m": -0.13450967100605574,
      "ci95": [
        -0.169879848859671,
        -0.10926285931154604
      ],
      "n": 108,
      "note": "z_ceil vs distance to nearest skylight, stations within 40 m"
    },
    "tau_hist_2m": {
      "counts": [
        47,
        30,
        59,
        44,
        34,
        22,
        38,
        2
      ],
      "edges": [
        0,
        2,
        4,
        6,
        8,
        10,
        12,
        14,
        16
      ]
    },
    "reach_median": {
      "0-50": 1.8355000000000001,
      "50-100": 1.544,
      "100-150": 4.686,
      "150-200": 6.475,
      "200-250": 7.991,
      "250-300": 12.942499999999999
    },
    "near_skylight_median": {
      "lt10": 1.3559999999999999,
      "10to20": 2.24,
      "20to30": 4.63
    },
    "zceil_range": 10.558999999999997,
    "zdem_range": 12.659999999999997,
    "net_centreline": {
      "start": 232.597,
      "end": 234.219
    }
  },
  "envelope": {
    "beta": 0.5,
    "rho_mid": 2600.0,
    "tau_threshold_m": 1.49,
    "sigma_req_MPa": {
      "median": 0.21396552056049317,
      "p90": 0.7709753896806971,
      "p95": 1.564736533929792,
      "max": 2.046197514422284,
      "drop_one": 1.953881379310345,
      "n": 248,
      "sensitivity_tau_gt_0p5": {
        "n": 270,
        "max": 3.7041471999999995,
        "drop_one": 3.057099754293893
      },
      "note": "required tensile strength per intact station under the clamped-strip model, covers thinner than sigma_tau excluded; quote the p95, not the max (single-station tail)"
    },
    "tau_over_L": {
      "min": 0.0034398034398034397,
      "second": 0.007980456026058633,
      "p5": 0.08811822191921215,
      "p25": 0.2973923997004063,
      "median": 0.5455172659005576
    },
    "kappa_sensitivity": {
      "single_min": 0.0034398034398034397,
      "drop_one": 0.007980456026058633,
      "p5": 0.08811822191921215,
      "median": 0.5455172659005576
    },
    "Lmax_sqrt_model": {
      "earth": {
        "1MPa": {
          "at_tau_6m": 22.049038962903623,
          "at_tau_14m": 33.132777038676906
        },
        "5MPa": {
          "at_tau_6m": 49.303149959593966,
          "at_tau_14m": 74.08714174182575
        },
        "10MPa": {
          "at_tau_6m": 69.7251833405723,
          "at_tau_14m": 104.77504064874782
        }
      },
      "mars": {
        "1MPa": {
          "at_tau_6m": 35.8539669476657,
          "at_tau_14m": 53.87724584403653
        },
        "5MPa": {
          "at_tau_6m": 80.17190735801114,
          "at_tau_14m": 120.47318414773372
        },
        "10MPa": {
          "at_tau_6m": 113.38019870701869,
          "at_tau_14m": 170.3748109239964
        }
      },
      "moon": {
        "1MPa": {
          "at_tau_6m": 54.25835982257736,
          "at_tau_14m": 81.53326507837141
        },
        "5MPa": {
          "at_tau_6m": 121.32538091092641,
          "at_tau_14m": 182.31392314274822
        },
        "10MPa": {
          "at_tau_6m": 171.57999914431394,
          "at_tau_14m": 257.8308227179206
        }
      }
    },
    "span_scale": {
      "mars": 1.6261011197806923,
      "moon": 2.4608038433722332
    }
  },
  "shielding_sensitivity": {
    "2200": {
      "median_g_cm2": 1325.61,
      "frac_gt_100": 0.9818840579710145,
      "frac_gt_500": 0.8043478260869565,
      "frac_gt_1000": 0.6884057971014492
    },
    "2600": {
      "median_g_cm2": 1566.63,
      "frac_gt_100": 0.9855072463768116,
      "frac_gt_500": 0.8369565217391305,
      "frac_gt_1000": 0.7210144927536232
    },
    "3000": {
      "median_g_cm2": 1807.65,
      "frac_gt_100": 0.9855072463768116,
      "frac_gt_500": 0.8659420289855072,
      "frac_gt_1000": 0.7427536231884058
    }
  },
  "registration_validation": {
    "floor_through_skylight_s3": {
      "n": 352,
      "median_m": 0.8868675231933594,
      "rms_m": 1.3561264565921034,
      "p10_m": -1.1876602172851562,
      "p90_m": 1.342333221435547,
      "annulus_outside_cone": {
        "n": 321,
        "median_m": 0.9071502685546875,
        "rms_m": 1.3602545239430572,
        "p10_m": -0.06867218017578125,
        "p90_m": 1.3718719482421875
      }
    },
    "rim_horizontal_rms_m": 1.7331442353132371,
    "two_slam_zones": {
      "s0-80": {
        "mean": -0.23240130147375915,
        "std": 0.32202807834612057,
        "n": 80
      },
      "s80-160": {
        "mean": -0.13521942607767237,
        "std": 0.12814573299629534,
        "n": 80
      },
      "s160-240": {
        "mean": -0.16641896855827198,
        "std": 0.47831447518904535,
        "n": 80
      },
      "s240-340": {
        "mean": -0.10124656946424919,
        "std": 0.12767163126176653,
        "n": 99
      }
    },
    "n_negative_tau_stations": 4,
    "sigma_reg_components": {
      "anchor_floor_rms_m": 1.3561264565921034,
      "drift_rss_m": 0.5317848268821412
    },
    "sigma_reg_z_m": 1.46,
    "note": "sigma_reg = quadrature(anchor floor RMS at S3, worst-zone two-SLAM RSS). PROVISIONAL until Ed's per-slice residuals arrive; validated against measurements the registration was not fitted to on our side."
  },
  "span_scale": {
    "mars": 1.63,
    "moon": 2.46
  },
  "mars": {
    "n_total": 1062,
    "n_dimensioned": 131,
    "aperture_median_m": 120.0,
    "counts": {
      "ge_5m": 131,
      "ge_10m": 131,
      "ge_20m": 131,
      "ge_50m": 120,
      "ge_narrowest": 131
    }
  },
  "moon": {
    "n_total": 278,
    "n_dimensioned": 266,
    "aperture_median_m": 29.0,
    "counts": {
      "ge_5m": 266,
      "ge_10m": 258,
      "ge_20m": 190,
      "ge_50m": 63,
      "ge_narrowest": 265
    }
  },
  "note": "Tube map = offline FAST-LIO2 first_long_flight carried into the Llewellin slice-registered frame by map-to-map GICP (transform_flf_ed_chain.json); onboard DLIO map processed identically as cross-check (analysis_out_ed, basis_comparison). Surface DEM = full_surface_and_subsurface_merged.pcd. tau uses intact stations (tau>0, non-skylight, non-multipass, non-inconsistent)."
}
=== DONE Fri Aug 14 11:09:22 AM CEST 2026 ===
